// Jest Snapshot v1, https://goo.gl/fbAQLP

exports[`Card that it matches an existing snapshot 1`] = `
ShallowWrapper {
  Symbol(enzyme.__root__): [Circular],
  Symbol(enzyme.__unrendered__): <Card
    emoji="emoji"
    text="text"
/>,
  Symbol(enzyme.__renderer__): Object {
    "batchedUpdates": [Function],
    "getNode": [Function],
    "render": [Function],
    "simulateError": [Function],
    "simulateEvent": [Function],
    "unmount": [Function],
  },
  Symbol(enzyme.__node__): Object {
    "instance": null,
    "key": undefined,
    "nodeType": "host",
    "props": Object {
      "children": <div
        className="card__content"
>
        <p
                className="card__content-text"
        >
                text
        </p>
        <p
                className="card__content-emoji"
        />
        <button
                className="card__delete"
                onClick={[Function]}
        >
                Delete
        </button>
</div>,
      "className": "card",
    },
    "ref": null,
    "rendered": Object {
      "instance": null,
      "key": undefined,
      "nodeType": "host",
      "props": Object {
        "children": Array [
          <p
            className="card__content-text"
>
            text
</p>,
          <p
            className="card__content-emoji"
/>,
          <button
            className="card__delete"
            onClick={[Function]}
>
            Delete
</button>,
        ],
        "className": "card__content",
      },
      "ref": null,
      "rendered": Array [
        Object {
          "instance": null,
          "key": undefined,
          "nodeType": "host",
          "props": Object {
            "children": "text",
            "className": "card__content-text",
          },
          "ref": null,
          "rendered": "text",
          "type": "p",
        },
        Object {
          "instance": null,
          "key": undefined,
          "nodeType": "host",
          "props": Object {
            "children": undefined,
            "className": "card__content-emoji",
          },
          "ref": null,
          "rendered": null,
          "type": "p",
        },
        Object {
          "instance": null,
          "key": undefined,
          "nodeType": "host",
          "props": Object {
            "children": "Delete",
            "className": "card__delete",
            "onClick": [Function],
          },
          "ref": null,
          "rendered": "Delete",
          "type": "button",
        },
      ],
      "type": "div",
    },
    "type": "div",
  },
  Symbol(enzyme.__nodes__): Array [
    Object {
      "instance": null,
      "key": undefined,
      "nodeType": "host",
      "props": Object {
        "children": <div
          className="card__content"
>
          <p
                    className="card__content-text"
          >
                    text
          </p>
          <p
                    className="card__content-emoji"
          />
          <button
                    className="card__delete"
                    onClick={[Function]}
          >
                    Delete
          </button>
</div>,
        "className": "card",
      },
      "ref": null,
      "rendered": Object {
        "instance": null,
        "key": undefined,
        "nodeType": "host",
        "props": Object {
          "children": Array [
            <p
              className="card__content-text"
>
              text
</p>,
            <p
              className="card__content-emoji"
/>,
            <button
              className="card__delete"
              onClick={[Function]}
>
              Delete
</button>,
          ],
          "className": "card__content",
        },
        "ref": null,
        "rendered": Array [
          Object {
            "instance": null,
            "key": undefined,
            "nodeType": "host",
            "props": Object {
              "children": "text",
              "className": "card__content-text",
            },
            "ref": null,
            "rendered": "text",
            "type": "p",
          },
          Object {
            "instance": null,
            "key": undefined,
            "nodeType": "host",
            "props": Object {
              "children": undefined,
              "className": "card__content-emoji",
            },
            "ref": null,
            "rendered": null,
            "type": "p",
          },
          Object {
            "instance": null,
            "key": undefined,
            "nodeType": "host",
            "props": Object {
              "children": "Delete",
              "className": "card__delete",
              "onClick": [Function],
            },
            "ref": null,
            "rendered": "Delete",
            "type": "button",
          },
        ],
        "type": "div",
      },
      "type": "div",
    },
  ],
  Symbol(enzyme.__options__): Object {
    "adapter": ReactSixteenAdapter {
      "options": Object {
        "enableComponentDidUpdateOnSetState": true,
        "lifecycles": Object {
          "componentDidUpdate": Object {
            "onSetState": true,
          },
          "getDerivedStateFromProps": true,
          "getSnapshotBeforeUpdate": true,
          "setState": Object {
            "skipsComponentDidUpdateOnNullish": true,
          },
        },
      },
    },
  },
}
`;
