// Jest Snapshot v1, https://goo.gl/fbAQLP

exports[`New Card Form that it matches an existing snapshot 1`] = `
ShallowWrapper {
  Symbol(enzyme.__root__): [Circular],
  Symbol(enzyme.__unrendered__): <NewCardForm
    emoji="emoji"
    message="message"
/>,
  Symbol(enzyme.__renderer__): Object {
    "batchedUpdates": [Function],
    "getNode": [Function],
    "render": [Function],
    "simulateError": [Function],
    "simulateEvent": [Function],
    "unmount": [Function],
  },
  Symbol(enzyme.__node__): Object {
    "instance": null,
    "key": undefined,
    "nodeType": "host",
    "props": Object {
      "children": Array [
        <header
          className="new-card-form__header"
>
          Add a New Card!
</header>,
        <p />,
        <section>
          <label
                    className="new-card-form__form-label"
                    htmlFor="message"
          >
                    Your Message
          </label>
          <input
                    className="new-card-form__form-textarea"
                    name="message"
                    onChange={[Function]}
                    type="text"
                    value={undefined}
          />
          <select
                    className="new-card-form__form-select"
                    name="emoji"
                    onChange={[Function]}
          >
                    <option
                              value=""
                    />
                    <option
                              value="heart_eyes"
                    >
                              heart_eyes
                    </option>
                    <option
                              value="beer"
                    >
                              beer
                    </option>
                    <option
                              value="clap"
                    >
                              clap
                    </option>
                    <option
                              value="sparkling_heart"
                    >
                              sparkling_heart
                    </option>
                    <option
                              value="heart_eyes_cat"
                    >
                              heart_eyes_cat
                    </option>
                    <option
                              value="dog"
                    >
                              dog
                    </option>
          </select>
</section>,
        <p />,
        <input
          className="new-card-form__form-button"
          type="submit"
          value="Add message"
/>,
      ],
      "className": "new-card-form",
      "onSubmit": [Function],
    },
    "ref": null,
    "rendered": Array [
      Object {
        "instance": null,
        "key": undefined,
        "nodeType": "host",
        "props": Object {
          "children": "Add a New Card!",
          "className": "new-card-form__header",
        },
        "ref": null,
        "rendered": "Add a New Card!",
        "type": "header",
      },
      Object {
        "instance": null,
        "key": undefined,
        "nodeType": "host",
        "props": Object {},
        "ref": null,
        "rendered": null,
        "type": "p",
      },
      Object {
        "instance": null,
        "key": undefined,
        "nodeType": "host",
        "props": Object {
          "children": Array [
            <label
              className="new-card-form__form-label"
              htmlFor="message"
>
              Your Message
</label>,
            <input
              className="new-card-form__form-textarea"
              name="message"
              onChange={[Function]}
              type="text"
              value={undefined}
/>,
            <select
              className="new-card-form__form-select"
              name="emoji"
              onChange={[Function]}
>
              <option
                            value=""
              />
              <option
                            value="heart_eyes"
              >
                            heart_eyes
              </option>
              <option
                            value="beer"
              >
                            beer
              </option>
              <option
                            value="clap"
              >
                            clap
              </option>
              <option
                            value="sparkling_heart"
              >
                            sparkling_heart
              </option>
              <option
                            value="heart_eyes_cat"
              >
                            heart_eyes_cat
              </option>
              <option
                            value="dog"
              >
                            dog
              </option>
</select>,
          ],
        },
        "ref": null,
        "rendered": Array [
          Object {
            "instance": null,
            "key": undefined,
            "nodeType": "host",
            "props": Object {
              "children": "Your Message",
              "className": "new-card-form__form-label",
              "htmlFor": "message",
            },
            "ref": null,
            "rendered": "Your Message",
            "type": "label",
          },
          Object {
            "instance": null,
            "key": undefined,
            "nodeType": "host",
            "props": Object {
              "className": "new-card-form__form-textarea",
              "name": "message",
              "onChange": [Function],
              "type": "text",
              "value": undefined,
            },
            "ref": null,
            "rendered": null,
            "type": "input",
          },
          Object {
            "instance": null,
            "key": undefined,
            "nodeType": "host",
            "props": Object {
              "children": Array [
                <option
                  value=""
/>,
                <option
                  value="heart_eyes"
>
                  heart_eyes
</option>,
                <option
                  value="beer"
>
                  beer
</option>,
                <option
                  value="clap"
>
                  clap
</option>,
                <option
                  value="sparkling_heart"
>
                  sparkling_heart
</option>,
                <option
                  value="heart_eyes_cat"
>
                  heart_eyes_cat
</option>,
                <option
                  value="dog"
>
                  dog
</option>,
              ],
              "className": "new-card-form__form-select",
              "name": "emoji",
              "onChange": [Function],
            },
            "ref": null,
            "rendered": Array [
              Object {
                "instance": null,
                "key": "0",
                "nodeType": "host",
                "props": Object {
                  "children": "",
                  "value": "",
                },
                "ref": null,
                "rendered": "",
                "type": "option",
              },
              Object {
                "instance": null,
                "key": "1",
                "nodeType": "host",
                "props": Object {
                  "children": "heart_eyes",
                  "value": "heart_eyes",
                },
                "ref": null,
                "rendered": "heart_eyes",
                "type": "option",
              },
              Object {
                "instance": null,
                "key": "2",
                "nodeType": "host",
                "props": Object {
                  "children": "beer",
                  "value": "beer",
                },
                "ref": null,
                "rendered": "beer",
                "type": "option",
              },
              Object {
                "instance": null,
                "key": "3",
                "nodeType": "host",
                "props": Object {
                  "children": "clap",
                  "value": "clap",
                },
                "ref": null,
                "rendered": "clap",
                "type": "option",
              },
              Object {
                "instance": null,
                "key": "4",
                "nodeType": "host",
                "props": Object {
                  "children": "sparkling_heart",
                  "value": "sparkling_heart",
                },
                "ref": null,
                "rendered": "sparkling_heart",
                "type": "option",
              },
              Object {
                "instance": null,
                "key": "5",
                "nodeType": "host",
                "props": Object {
                  "children": "heart_eyes_cat",
                  "value": "heart_eyes_cat",
                },
                "ref": null,
                "rendered": "heart_eyes_cat",
                "type": "option",
              },
              Object {
                "instance": null,
                "key": "6",
                "nodeType": "host",
                "props": Object {
                  "children": "dog",
                  "value": "dog",
                },
                "ref": null,
                "rendered": "dog",
                "type": "option",
              },
            ],
            "type": "select",
          },
        ],
        "type": "section",
      },
      Object {
        "instance": null,
        "key": undefined,
        "nodeType": "host",
        "props": Object {},
        "ref": null,
        "rendered": null,
        "type": "p",
      },
      Object {
        "instance": null,
        "key": undefined,
        "nodeType": "host",
        "props": Object {
          "className": "new-card-form__form-button",
          "type": "submit",
          "value": "Add message",
        },
        "ref": null,
        "rendered": null,
        "type": "input",
      },
    ],
    "type": "form",
  },
  Symbol(enzyme.__nodes__): Array [
    Object {
      "instance": null,
      "key": undefined,
      "nodeType": "host",
      "props": Object {
        "children": Array [
          <header
            className="new-card-form__header"
>
            Add a New Card!
</header>,
          <p />,
          <section>
            <label
                        className="new-card-form__form-label"
                        htmlFor="message"
            >
                        Your Message
            </label>
            <input
                        className="new-card-form__form-textarea"
                        name="message"
                        onChange={[Function]}
                        type="text"
                        value={undefined}
            />
            <select
                        className="new-card-form__form-select"
                        name="emoji"
                        onChange={[Function]}
            >
                        <option
                                    value=""
                        />
                        <option
                                    value="heart_eyes"
                        >
                                    heart_eyes
                        </option>
                        <option
                                    value="beer"
                        >
                                    beer
                        </option>
                        <option
                                    value="clap"
                        >
                                    clap
                        </option>
                        <option
                                    value="sparkling_heart"
                        >
                                    sparkling_heart
                        </option>
                        <option
                                    value="heart_eyes_cat"
                        >
                                    heart_eyes_cat
                        </option>
                        <option
                                    value="dog"
                        >
                                    dog
                        </option>
            </select>
</section>,
          <p />,
          <input
            className="new-card-form__form-button"
            type="submit"
            value="Add message"
/>,
        ],
        "className": "new-card-form",
        "onSubmit": [Function],
      },
      "ref": null,
      "rendered": Array [
        Object {
          "instance": null,
          "key": undefined,
          "nodeType": "host",
          "props": Object {
            "children": "Add a New Card!",
            "className": "new-card-form__header",
          },
          "ref": null,
          "rendered": "Add a New Card!",
          "type": "header",
        },
        Object {
          "instance": null,
          "key": undefined,
          "nodeType": "host",
          "props": Object {},
          "ref": null,
          "rendered": null,
          "type": "p",
        },
        Object {
          "instance": null,
          "key": undefined,
          "nodeType": "host",
          "props": Object {
            "children": Array [
              <label
                className="new-card-form__form-label"
                htmlFor="message"
>
                Your Message
</label>,
              <input
                className="new-card-form__form-textarea"
                name="message"
                onChange={[Function]}
                type="text"
                value={undefined}
/>,
              <select
                className="new-card-form__form-select"
                name="emoji"
                onChange={[Function]}
>
                <option
                                value=""
                />
                <option
                                value="heart_eyes"
                >
                                heart_eyes
                </option>
                <option
                                value="beer"
                >
                                beer
                </option>
                <option
                                value="clap"
                >
                                clap
                </option>
                <option
                                value="sparkling_heart"
                >
                                sparkling_heart
                </option>
                <option
                                value="heart_eyes_cat"
                >
                                heart_eyes_cat
                </option>
                <option
                                value="dog"
                >
                                dog
                </option>
</select>,
            ],
          },
          "ref": null,
          "rendered": Array [
            Object {
              "instance": null,
              "key": undefined,
              "nodeType": "host",
              "props": Object {
                "children": "Your Message",
                "className": "new-card-form__form-label",
                "htmlFor": "message",
              },
              "ref": null,
              "rendered": "Your Message",
              "type": "label",
            },
            Object {
              "instance": null,
              "key": undefined,
              "nodeType": "host",
              "props": Object {
                "className": "new-card-form__form-textarea",
                "name": "message",
                "onChange": [Function],
                "type": "text",
                "value": undefined,
              },
              "ref": null,
              "rendered": null,
              "type": "input",
            },
            Object {
              "instance": null,
              "key": undefined,
              "nodeType": "host",
              "props": Object {
                "children": Array [
                  <option
                    value=""
/>,
                  <option
                    value="heart_eyes"
>
                    heart_eyes
</option>,
                  <option
                    value="beer"
>
                    beer
</option>,
                  <option
                    value="clap"
>
                    clap
</option>,
                  <option
                    value="sparkling_heart"
>
                    sparkling_heart
</option>,
                  <option
                    value="heart_eyes_cat"
>
                    heart_eyes_cat
</option>,
                  <option
                    value="dog"
>
                    dog
</option>,
                ],
                "className": "new-card-form__form-select",
                "name": "emoji",
                "onChange": [Function],
              },
              "ref": null,
              "rendered": Array [
                Object {
                  "instance": null,
                  "key": "0",
                  "nodeType": "host",
                  "props": Object {
                    "children": "",
                    "value": "",
                  },
                  "ref": null,
                  "rendered": "",
                  "type": "option",
                },
                Object {
                  "instance": null,
                  "key": "1",
                  "nodeType": "host",
                  "props": Object {
                    "children": "heart_eyes",
                    "value": "heart_eyes",
                  },
                  "ref": null,
                  "rendered": "heart_eyes",
                  "type": "option",
                },
                Object {
                  "instance": null,
                  "key": "2",
                  "nodeType": "host",
                  "props": Object {
                    "children": "beer",
                    "value": "beer",
                  },
                  "ref": null,
                  "rendered": "beer",
                  "type": "option",
                },
                Object {
                  "instance": null,
                  "key": "3",
                  "nodeType": "host",
                  "props": Object {
                    "children": "clap",
                    "value": "clap",
                  },
                  "ref": null,
                  "rendered": "clap",
                  "type": "option",
                },
                Object {
                  "instance": null,
                  "key": "4",
                  "nodeType": "host",
                  "props": Object {
                    "children": "sparkling_heart",
                    "value": "sparkling_heart",
                  },
                  "ref": null,
                  "rendered": "sparkling_heart",
                  "type": "option",
                },
                Object {
                  "instance": null,
                  "key": "5",
                  "nodeType": "host",
                  "props": Object {
                    "children": "heart_eyes_cat",
                    "value": "heart_eyes_cat",
                  },
                  "ref": null,
                  "rendered": "heart_eyes_cat",
                  "type": "option",
                },
                Object {
                  "instance": null,
                  "key": "6",
                  "nodeType": "host",
                  "props": Object {
                    "children": "dog",
                    "value": "dog",
                  },
                  "ref": null,
                  "rendered": "dog",
                  "type": "option",
                },
              ],
              "type": "select",
            },
          ],
          "type": "section",
        },
        Object {
          "instance": null,
          "key": undefined,
          "nodeType": "host",
          "props": Object {},
          "ref": null,
          "rendered": null,
          "type": "p",
        },
        Object {
          "instance": null,
          "key": undefined,
          "nodeType": "host",
          "props": Object {
            "className": "new-card-form__form-button",
            "type": "submit",
            "value": "Add message",
          },
          "ref": null,
          "rendered": null,
          "type": "input",
        },
      ],
      "type": "form",
    },
  ],
  Symbol(enzyme.__options__): Object {
    "adapter": ReactSixteenAdapter {
      "options": Object {
        "enableComponentDidUpdateOnSetState": true,
        "lifecycles": Object {
          "componentDidUpdate": Object {
            "onSetState": true,
          },
          "getDerivedStateFromProps": true,
          "getSnapshotBeforeUpdate": true,
          "setState": Object {
            "skipsComponentDidUpdateOnNullish": true,
          },
        },
      },
    },
  },
}
`;
